============================= test session starts =============================
platform win32 -- Python 3.11.7, pytest-8.4.2, pluggy-1.6.0 -- C:\Users\Viswa\AppData\Local\Programs\Python\Python311\python.exe
cachedir: .pytest_cache
rootdir: D:\Lynvia\backend
plugins: anyio-4.13.0
collecting ... collected 2 items

tests/test_notifications.py::test_notification_creation_and_preferences ERROR [ 50%]
tests/test_notifications.py::test_mark_all_as_read ERROR                 [100%]

=================================== ERRORS ====================================
________ ERROR at setup of test_notification_creation_and_preferences _________
file D:\Lynvia\backend\tests\test_notifications.py, line 9
  def test_notification_creation_and_preferences(client: TestClient, db: Session, client_token_headers: dict, test_client: dict):
E       fixture 'client_token_headers' not found
>       available fixtures: anyio_backend, anyio_backend_name, anyio_backend_options, cache, capfd, capfdbinary, caplog, capsys, capsysbinary, capteesys, client, db, doctest_namespace, free_tcp_port, free_tcp_port_factory, free_udp_port, free_udp_port_factory, monkeypatch, pytestconfig, record_property, record_testsuite_property, record_xml_attribute, recwarn, tmp_path, tmp_path_factory, tmpdir, tmpdir_factory
>       use 'pytest --fixtures [testpath]' for help on them.

D:\Lynvia\backend\tests\test_notifications.py:9
___________________ ERROR at setup of test_mark_all_as_read ___________________
file D:\Lynvia\backend\tests\test_notifications.py, line 79
  def test_mark_all_as_read(client: TestClient, db: Session, client_token_headers: dict, test_client: dict):
E       fixture 'client_token_headers' not found
>       available fixtures: anyio_backend, anyio_backend_name, anyio_backend_options, cache, capfd, capfdbinary, caplog, capsys, capsysbinary, capteesys, client, db, doctest_namespace, free_tcp_port, free_tcp_port_factory, free_udp_port, free_udp_port_factory, monkeypatch, pytestconfig, record_property, record_testsuite_property, record_xml_attribute, recwarn, tmp_path, tmp_path_factory, tmpdir, tmpdir_factory
>       use 'pytest --fixtures [testpath]' for help on them.

D:\Lynvia\backend\tests\test_notifications.py:79
============================== warnings summary ===============================
app\core\config.py:6
  D:\Lynvia\backend\app\core\config.py:6: PydanticDeprecatedSince20: Support for class-based `config` is deprecated, use ConfigDict instead. Deprecated in Pydantic V2.0 to be removed in V3.0. See Pydantic V2 Migration Guide at https://errors.pydantic.dev/2.13/migration/
    class Settings(BaseSettings):

app\schemas\auth.py:13
  D:\Lynvia\backend\app\schemas\auth.py:13: PydanticDeprecatedSince20: Support for class-based `config` is deprecated, use ConfigDict instead. Deprecated in Pydantic V2.0 to be removed in V3.0. See Pydantic V2 Migration Guide at https://errors.pydantic.dev/2.13/migration/
    class UserOut(BaseModel):

C:\Users\Viswa\AppData\Local\Programs\Python\Python311\Lib\site-packages\pydantic\_internal\_config.py:386
C:\Users\Viswa\AppData\Local\Programs\Python\Python311\Lib\site-packages\pydantic\_internal\_config.py:386
C:\Users\Viswa\AppData\Local\Programs\Python\Python311\Lib\site-packages\pydantic\_internal\_config.py:386
C:\Users\Viswa\AppData\Local\Programs\Python\Python311\Lib\site-packages\pydantic\_internal\_config.py:386
C:\Users\Viswa\AppData\Local\Programs\Python\Python311\Lib\site-packages\pydantic\_internal\_config.py:386
C:\Users\Viswa\AppData\Local\Programs\Python\Python311\Lib\site-packages\pydantic\_internal\_config.py:386
C:\Users\Viswa\AppData\Local\Programs\Python\Python311\Lib\site-packages\pydantic\_internal\_config.py:386
  C:\Users\Viswa\AppData\Local\Programs\Python\Python311\Lib\site-packages\pydantic\_internal\_config.py:386: UserWarning: Valid config keys have changed in V2:
  * 'orm_mode' has been renamed to 'from_attributes'
    warnings.warn(message, UserWarning)

app\schemas\profile.py:19
  D:\Lynvia\backend\app\schemas\profile.py:19: PydanticDeprecatedSince20: Support for class-based `config` is deprecated, use ConfigDict instead. Deprecated in Pydantic V2.0 to be removed in V3.0. See Pydantic V2 Migration Guide at https://errors.pydantic.dev/2.13/migration/
    class ClientProfileOut(BaseModel):

app\schemas\profile.py:49
  D:\Lynvia\backend\app\schemas\profile.py:49: PydanticDeprecatedSince20: Support for class-based `config` is deprecated, use ConfigDict instead. Deprecated in Pydantic V2.0 to be removed in V3.0. See Pydantic V2 Migration Guide at https://errors.pydantic.dev/2.13/migration/
    class DesignerProfileOut(BaseModel):

app\schemas\service.py:11
  D:\Lynvia\backend\app\schemas\service.py:11: PydanticDeprecatedSince20: Support for class-based `config` is deprecated, use ConfigDict instead. Deprecated in Pydantic V2.0 to be removed in V3.0. See Pydantic V2 Migration Guide at https://errors.pydantic.dev/2.13/migration/
    class SkillOut(BaseModel):

app\schemas\service.py:37
  D:\Lynvia\backend\app\schemas\service.py:37: PydanticDeprecatedSince20: Support for class-based `config` is deprecated, use ConfigDict instead. Deprecated in Pydantic V2.0 to be removed in V3.0. See Pydantic V2 Migration Guide at https://errors.pydantic.dev/2.13/migration/
    class ServiceOut(BaseModel):

app\schemas\service.py:56
  D:\Lynvia\backend\app\schemas\service.py:56: PydanticDeprecatedSince20: Support for class-based `config` is deprecated, use ConfigDict instead. Deprecated in Pydantic V2.0 to be removed in V3.0. See Pydantic V2 Migration Guide at https://errors.pydantic.dev/2.13/migration/
    class SpecializationOut(BaseModel):

app\schemas\service.py:72
  D:\Lynvia\backend\app\schemas\service.py:72: PydanticDeprecatedSince20: Support for class-based `config` is deprecated, use ConfigDict instead. Deprecated in Pydantic V2.0 to be removed in V3.0. See Pydantic V2 Migration Guide at https://errors.pydantic.dev/2.13/migration/
    class AvailabilityOut(BaseModel):

app\schemas\service.py:83
  D:\Lynvia\backend\app\schemas\service.py:83: PydanticDeprecatedSince20: Support for class-based `config` is deprecated, use ConfigDict instead. Deprecated in Pydantic V2.0 to be removed in V3.0. See Pydantic V2 Migration Guide at https://errors.pydantic.dev/2.13/migration/
    class DesignerDiscoveryOut(BaseModel):

app\schemas\project.py:32
  D:\Lynvia\backend\app\schemas\project.py:32: PydanticDeprecatedSince20: Support for class-based `config` is deprecated, use ConfigDict instead. Deprecated in Pydantic V2.0 to be removed in V3.0. See Pydantic V2 Migration Guide at https://errors.pydantic.dev/2.13/migration/
    class ProjectOut(BaseModel):

app\schemas\portfolio.py:13
  D:\Lynvia\backend\app\schemas\portfolio.py:13: PydanticDeprecatedSince20: Support for class-based `config` is deprecated, use ConfigDict instead. Deprecated in Pydantic V2.0 to be removed in V3.0. See Pydantic V2 Migration Guide at https://errors.pydantic.dev/2.13/migration/
    class MediaOut(BaseModel):

app\schemas\portfolio.py:43
  D:\Lynvia\backend\app\schemas\portfolio.py:43: PydanticDeprecatedSince20: Support for class-based `config` is deprecated, use ConfigDict instead. Deprecated in Pydantic V2.0 to be removed in V3.0. See Pydantic V2 Migration Guide at https://errors.pydantic.dev/2.13/migration/
    class PortfolioOut(BaseModel):

app\schemas\workspace.py:34
  D:\Lynvia\backend\app\schemas\workspace.py:34: PydanticDeprecatedSince20: Support for class-based `config` is deprecated, use ConfigDict instead. Deprecated in Pydantic V2.0 to be removed in V3.0. See Pydantic V2 Migration Guide at https://errors.pydantic.dev/2.13/migration/
    class MilestoneOut(MilestoneBase):

app\schemas\workspace.py:68
  D:\Lynvia\backend\app\schemas\workspace.py:68: PydanticDeprecatedSince20: Support for class-based `config` is deprecated, use ConfigDict instead. Deprecated in Pydantic V2.0 to be removed in V3.0. See Pydantic V2 Migration Guide at https://errors.pydantic.dev/2.13/migration/
    class TaskOut(TaskBase):

app\schemas\workspace.py:93
  D:\Lynvia\backend\app\schemas\workspace.py:93: PydanticDeprecatedSince20: Support for class-based `config` is deprecated, use ConfigDict instead. Deprecated in Pydantic V2.0 to be removed in V3.0. See Pydantic V2 Migration Guide at https://errors.pydantic.dev/2.13/migration/
    class FileMetadataOut(FileMetadataBase):

app\schemas\workspace.py:115
  D:\Lynvia\backend\app\schemas\workspace.py:115: PydanticDeprecatedSince20: Support for class-based `config` is deprecated, use ConfigDict instead. Deprecated in Pydantic V2.0 to be removed in V3.0. See Pydantic V2 Migration Guide at https://errors.pydantic.dev/2.13/migration/
    class ProjectEventOut(ProjectEventBase):

app\schemas\workspace.py:137
  D:\Lynvia\backend\app\schemas\workspace.py:137: PydanticDeprecatedSince20: Support for class-based `config` is deprecated, use ConfigDict instead. Deprecated in Pydantic V2.0 to be removed in V3.0. See Pydantic V2 Migration Guide at https://errors.pydantic.dev/2.13/migration/
    class RevisionOut(RevisionBase):

app\schemas\workspace.py:158
  D:\Lynvia\backend\app\schemas\workspace.py:158: PydanticDeprecatedSince20: Support for class-based `config` is deprecated, use ConfigDict instead. Deprecated in Pydantic V2.0 to be removed in V3.0. See Pydantic V2 Migration Guide at https://errors.pydantic.dev/2.13/migration/
    class DeliveryOut(DeliveryBase):

app\schemas\workspace.py:174
  D:\Lynvia\backend\app\schemas\workspace.py:174: PydanticDeprecatedSince20: Support for class-based `config` is deprecated, use ConfigDict instead. Deprecated in Pydantic V2.0 to be removed in V3.0. See Pydantic V2 Migration Guide at https://errors.pydantic.dev/2.13/migration/
    class ProjectWorkspaceOut(BaseModel):

app\schemas\invitation.py:18
  D:\Lynvia\backend\app\schemas\invitation.py:18: PydanticDeprecatedSince20: Support for class-based `config` is deprecated, use ConfigDict instead. Deprecated in Pydantic V2.0 to be removed in V3.0. See Pydantic V2 Migration Guide at https://errors.pydantic.dev/2.13/migration/
    class InvitationOut(BaseModel):

-- Docs: https://docs.pytest.org/en/stable/how-to/capture-warnings.html
=========================== short test summary info ===========================
ERROR tests/test_notifications.py::test_notification_creation_and_preferences
ERROR tests/test_notifications.py::test_mark_all_as_read
======================= 27 warnings, 2 errors in 0.07s ========================
